-104.687710
-104.687894
-104.688277
-104.688787
-104.689378
-104.689972
-104.690240
-104.690889
-104.691423
-104.691599
-104.691760
-104.691427
-104.690839
-104.690107
-104.689344
-104.688704
-104.688324
-104.688272
-104.688558
-104.689138
-104.689902
