 -104.687709586876
 -104.68789308797
 -104.688275723085
 -104.688785010003
 -104.68937495255
 -104.689967701867
 -104.690234227858
 -104.690882261431
 -104.691415429352
 -104.691590041299
 -104.691469753496
 -104.690868809572
 -104.690476343914
 -104.69008048306
 -104.689426021291
 -104.688951400831
 -104.688332685512
 -104.688220329536
 -104.688480534049
 -104.689059608618
 -104.689808469211
