0.0 
  -54.953021 
  -56.003632 
  -56.184544 
  -56.243775 
  -56.257853 
  -56.265657 
  -56.267665 
  -56.268631 
  -56.269542 
  -56.269836 
  -56.270087 
   -56.27019 
  -56.270343 
  -56.270595 
  -56.270751 
  -56.270989 
