0.0 
  -54.953021 
  -54.968774 
  -54.984269 
  -54.999601 
  -55.014772 
  -55.029815 
   -55.04472 
  -55.059596 
  -55.074436 
  -55.089277 
  -55.104241 
  -55.119275 
  -55.134492 
  -55.150003 
  -55.165867 
  -55.182171 
