 -104.691748312154
 -104.691414858653
 -104.690826489872
 -104.69009378852
 -104.689331099014
 -104.688690651847
 -104.688310387758
 -104.688258103767
 -104.688543843549
 -104.689122220614
 -104.689885250126
 -104.690700679762
 -104.691468201414
 -104.692052174791
 -104.692385631391
 -104.692452807298
 -104.692256426614
 -104.691851216502
 -104.691314873089
 -104.690705010683
