 -104.687709586876
 -104.68789308797
 -104.688275723085
 -104.688785010003
 -104.68937495255
 -104.689967701867
 -104.690234227858
 -104.690882261431
 -104.691415429352
 -104.691590041299
 -104.691750719981
 -104.691417267633
